// Jest Snapshot v1, https://goo.gl/fbAQLP

exports[`Pruebas del componente GifGridItem.test.js Debe desplegar <GifGridItem> correctamente 1`] = `
<div
  className="card animate__animated animate__fadeIn"
>
  <img
    alt="Algo"
    src="http://localhost:4000/img.jpg"
  />
  <p>
    Algo
  </p>
</div>
`;
